[index-2.html]
[backblue.gif]
[fade.gif]
[index.html]
[css/normalize.css]
[css/webflow.css]
[css/nyolings.webflow.css]
[ajax/libs/webfont/1.6.26/webfont.js]
[images/favicon.png]
[images/webclip.png]
[images/LIGHT-min.png]
[images/Icon_26.png]
[images/Icon_27.png]
[images/Icon_34-min.png]
[images/Icon_37-min.png]
[images/Icon_38-min.png]
[images/Icon_25.png]
[images/Icon_24.png]
[images/Icon_11-min.png]
[images/Home-min.png]
[images/Path.svg]
[images/Subtract.svg]
[images/path815.svg]
[images/cloud1-1-1-min.png]
[images/cloud1-1-min.png]
[images/Vector-1.png]
[images/about1final.png]
[images/about2final.png]
[images/about3final.png]
[images/about4final.png]
[images/about5final.png]
[images/about6final.png]
[images/Icon_12-min.png]
[images/Group-110458.png]
[images/Group-11052.svg]
[images/Group-110455.png]
[images/Group-110456.png]
[images/Group-110453.png]
[images/Group-11073.png]
[images/Group-110454.png]
[images/crownWBackground.png]
[images/Vector-2.png]
[images/cloud1-12.png]
[images/Path_1.svg]
[images/Subtract_1.svg]
[images/path8151.svg]
[images/Home.png]
[js/jquery-3.5.1.min.dc5e7f18c8f12e.js]
[index-2.html]
[css/normalize.css]
[css/webflow.css]
[js/webflow.js]
[images/starry-night.png]
[images/New-Project.png]
[images/Nyomap.png]
[fonts/Hansip.ttf]
[css/nyolings.webflow.css]
[images/Path.svg]
[images/Subtract.svg]
[images/path815.svg]
[images/Group-11052.svg]
[images/Group-11065.svg]
[images/Path_1.svg]
[images/Subtract_1.svg]
[images/path8151.svg]
